// Jest Snapshot v1, https://goo.gl/fbAQLP

exports[`<PokemonsList /> Renders 1`] = `
<div
  class="MuiPaper-root MuiPaper-elevation MuiPaper-rounded MuiPaper-elevation1 css-172fket-MuiPaper-root"
  data-testid="pokemons-list-paper"
>
  <div
    class="MuiTableContainer-root css-rorn0c-MuiTableContainer-root"
  >
    <table
      class="MuiTable-root MuiTable-stickyHeader css-xn82ks-MuiTable-root"
    >
      <thead
        class="MuiTableHead-root css-15wwp11-MuiTableHead-root"
      >
        <tr
          class="MuiTableRow-root MuiTableRow-head css-1q1u3t4-MuiTableRow-root"
        >
          <th
            class="MuiTableCell-root MuiTableCell-head MuiTableCell-stickyHeader MuiTableCell-sizeMedium css-u2m7gh-MuiTableCell-root"
            data-testid="pokemons-list-head-cell"
            scope="col"
          >
            <div
              class="css-gmwslw-MuiStack-root"
            >
              Name
              <span
                class="MuiCircularProgress-root MuiCircularProgress-indeterminate MuiCircularProgress-colorPrimary css-18lrjg1-MuiCircularProgress-root"
                role="progressbar"
                style="width: 20px; height: 20px;"
              >
                <svg
                  class="MuiCircularProgress-svg css-1idz92c-MuiCircularProgress-svg"
                  viewBox="22 22 44 44"
                >
                  <circle
                    class="MuiCircularProgress-circle MuiCircularProgress-circleIndeterminate css-176wh8e-MuiCircularProgress-circle"
                    cx="44"
                    cy="44"
                    fill="none"
                    r="20.2"
                    stroke-width="3.6"
                  />
                </svg>
              </span>
            </div>
          </th>
        </tr>
      </thead>
      <tbody
        class="MuiTableBody-root css-apqrd9-MuiTableBody-root"
      />
    </table>
  </div>
  <div
    class="MuiTablePagination-root css-jtlhu6-MuiTablePagination-root"
    data-testid="pokemons-list-pagination"
  >
    <div
      class="MuiToolbar-root MuiToolbar-gutters MuiToolbar-regular MuiTablePagination-toolbar css-11bfvty-MuiToolbar-root-MuiTablePagination-toolbar"
    >
      <div
        class="MuiTablePagination-spacer css-1psng7p-MuiTablePagination-spacer"
      />
      <p
        class="MuiTablePagination-selectLabel css-pdct74-MuiTablePagination-selectLabel"
        id=":r1:"
      >
        Rows per page:
      </p>
      <div
        class="MuiInputBase-root MuiInputBase-colorPrimary css-16c50h-MuiInputBase-root-MuiTablePagination-select"
        variant="standard"
      >
        <div
          aria-expanded="false"
          aria-haspopup="listbox"
          aria-labelledby=":r1: :r0:"
          class="MuiTablePagination-select MuiSelect-select MuiSelect-standard MuiInputBase-input css-194a1fa-MuiSelect-select-MuiInputBase-input"
          id=":r0:"
          role="button"
          tabindex="0"
        >
          10
        </div>
        <input
          aria-hidden="true"
          class="MuiSelect-nativeInput css-yf8vq0-MuiSelect-nativeInput"
          tabindex="-1"
          value="10"
        />
        <svg
          aria-hidden="true"
          class="MuiSvgIcon-root MuiSvgIcon-fontSizeMedium MuiTablePagination-selectIcon MuiSelect-icon MuiSelect-iconStandard css-pqjvzy-MuiSvgIcon-root-MuiSelect-icon"
          data-testid="ArrowDropDownIcon"
          focusable="false"
          viewBox="0 0 24 24"
        >
          <path
            d="M7 10l5 5 5-5z"
          />
        </svg>
      </div>
      <p
        class="MuiTablePagination-displayedRows css-levciy-MuiTablePagination-displayedRows"
      >
        0â€“0 of 0
      </p>
      <div
        class="MuiTablePagination-actions"
      >
        <button
          aria-label="Go to previous page"
          class="MuiButtonBase-root Mui-disabled MuiIconButton-root Mui-disabled MuiIconButton-colorInherit MuiIconButton-sizeMedium css-zylse7-MuiButtonBase-root-MuiIconButton-root"
          disabled=""
          tabindex="-1"
          title="Go to previous page"
          type="button"
        >
          <svg
            aria-hidden="true"
            class="MuiSvgIcon-root MuiSvgIcon-fontSizeMedium css-i4bv87-MuiSvgIcon-root"
            data-testid="KeyboardArrowLeftIcon"
            focusable="false"
            viewBox="0 0 24 24"
          >
            <path
              d="M15.41 16.09l-4.58-4.59 4.58-4.59L14 5.5l-6 6 6 6z"
            />
          </svg>
        </button>
        <button
          aria-label="Go to next page"
          class="MuiButtonBase-root Mui-disabled MuiIconButton-root Mui-disabled MuiIconButton-colorInherit MuiIconButton-sizeMedium css-zylse7-MuiButtonBase-root-MuiIconButton-root"
          disabled=""
          tabindex="-1"
          title="Go to next page"
          type="button"
        >
          <svg
            aria-hidden="true"
            class="MuiSvgIcon-root MuiSvgIcon-fontSizeMedium css-i4bv87-MuiSvgIcon-root"
            data-testid="KeyboardArrowRightIcon"
            focusable="false"
            viewBox="0 0 24 24"
          >
            <path
              d="M8.59 16.34l4.58-4.59-4.58-4.59L10 5.75l6 6-6 6z"
            />
          </svg>
        </button>
      </div>
    </div>
  </div>
</div>
`;
